Name: Test Map
Width: 24
Height: 13
Skip Setup: false
Win Condition: 0
Number of Players: 2
Team1:
Name: Demacian
Type: Human
Player: 1
Alliances: 10
Team2:
Name: Bandits
Type: AI
Alliances: 01

Terrain:
Grasslands, Grasslands, Grasslands, Grasslands, Grasslands, Grasslands, Grasslands, Grasslands, Grasslands, Grasslands, Grasslands, Grasslands, Grasslands, Grasslands, Grasslands, Grasslands, Grasslands, Grasslands, Grasslands, Grasslands, Grasslands, Grasslands, Grasslands, Grasslands
Grasslands, Grasslands, Grasslands, Grasslands, Grasslands, Grasslands, Grasslands, Grasslands, Grasslands, Grasslands, Grasslands, Grasslands, Grasslands, Grasslands, Grasslands, Grasslands, Grasslands, Grasslands, Grasslands, Grasslands, Grasslands, Grasslands, Grasslands, Grasslands
Grasslands, Grasslands, Grasslands, Grasslands, Grasslands, Grasslands, Grasslands, Grasslands, Grasslands, Grasslands, Grasslands, Grasslands, Grasslands, Grasslands, Grasslands, Grasslands, Grasslands, Grasslands, Grasslands, Grasslands, Grasslands, Grasslands, Grasslands, Grasslands
Grasslands, Grasslands, Grasslands, Grasslands, Grasslands, Grasslands, Grasslands, Grasslands, Grasslands, Grasslands, Grasslands, Grasslands, Grasslands, Grasslands, Grasslands, Grasslands, Grasslands, Grasslands, Grasslands, Grasslands, Grasslands, Grasslands, Grasslands, Grasslands
Forests, Grasslands, Grasslands, Grasslands, Grasslands, Grasslands, Grasslands, Grasslands, Grasslands, Grasslands, Grasslands, Grasslands, Grasslands, Grasslands, Grasslands, Grasslands, Grasslands, Grasslands, Grasslands, Grasslands, Grasslands, Grasslands, Grasslands, Grasslands
Forests, Grasslands, Grasslands, Grasslands, Grasslands, Grasslands, Grasslands, Grasslands, Grasslands, Grasslands, Grasslands, Grasslands, Grasslands, Grasslands, Grasslands, Grasslands, Grasslands, Grasslands, Grasslands, Grasslands, Grasslands, Grasslands, Grasslands, Grasslands
Grasslands, Grasslands, Grasslands, Grasslands, Grasslands, Grasslands, Grasslands, Grasslands, Grasslands, Grasslands, Grasslands, Grasslands, Grasslands, Grasslands, Grasslands, Grasslands, Grasslands, Grasslands, Grasslands, Grasslands, Grasslands, Grasslands, Grasslands, Grasslands
Grasslands, Grasslands, Grasslands, Grasslands, Grasslands, Grasslands, Grasslands, Grasslands, Grasslands, Grasslands, Grasslands, Grasslands, Grasslands, Grasslands, Grasslands, Grasslands, Grasslands, Grasslands, Grasslands, Grasslands, Grasslands, Grasslands, Grasslands, Grasslands
Grasslands, Grasslands, Grasslands, Grasslands, Grasslands, Grasslands, Grasslands, Grasslands, Grasslands, Grasslands, Grasslands, Grasslands, Grasslands, Grasslands, Grasslands, Grasslands, Grasslands, Grasslands, Grasslands, Grasslands, Grasslands, Grasslands, Grasslands, Grasslands
Grasslands, Grasslands, Grasslands, Grasslands, Grasslands, Grasslands, Grasslands, Grasslands, Grasslands, Grasslands, Grasslands, Grasslands, Grasslands, Grasslands, Grasslands, Grasslands, Grasslands, Grasslands, Grasslands, Grasslands, Grasslands, Grasslands, Grasslands, Grasslands
Grasslands, Grasslands, Grasslands, Grasslands, Grasslands, Grasslands, Grasslands, Grasslands, Grasslands, Grasslands, Grasslands, Grasslands, Grasslands, Grasslands, Grasslands, Grasslands, Grasslands, Grasslands, Grasslands, Grasslands, Grasslands, Grasslands, Grasslands, Grasslands
Grasslands, Grasslands, Grasslands, Grasslands, Grasslands, Grasslands, Grasslands, Grasslands, Grasslands, Grasslands, Grasslands, Grasslands, Grasslands, Grasslands, Grasslands, Grasslands, Grasslands, Grasslands, Grasslands, Grasslands, Grasslands, Grasslands, Grasslands, Grasslands
Grasslands, Grasslands, Grasslands, Grasslands, Grasslands, Grasslands, Grasslands, Grasslands, Grasslands, Grasslands, Grasslands, Grasslands, Grasslands, Grasslands, Grasslands, Grasslands, Grasslands, Grasslands, Grasslands, Grasslands, Grasslands, Grasslands, Grasslands, Grasslands

Player Army Starting Locations (Not including mandatory units)
Number of Starting Locations: 4
14, 7
9, 7
10, 9
10, 5

Units staring on the map
Number of Starting Units: 9

Unit Starting Locations
8, 5
7, 8
7, 7
7, 6
10, 10
9, 10
11, 10
10, 11
0, 0

Reinforcements
Number of Reinforcements: 0

Reinforcement Locations

Reinforcement Timings

Mandatory Player Units
Number of Mandatory Player Units: 2
Garen
Quinn

Mandatory Player Units Locations
15, 7
10, 7

