Name: Test Map
Width: 24
Height: 13
Skip Setup: false
Win Condition: 0
Number of Players: 2
Team1:
Name: Demacian
Type: Human
Player: 1
Alliances: 10
Team2:
Name: Bandits
Type: AI
Alliances: 01

Terrain: //This lays the map's tiles
Grasslands, Grasslands, Grasslands, Grasslands, Grasslands, Grasslands, Grasslands, Grasslands, Grasslands, Grasslands, Grasslands, Grasslands, Grasslands, Grasslands, Grasslands, Grasslands, Grasslands, Grasslands, Grasslands, Grasslands, Grasslands, Grasslands, Grasslands, Grasslands
Grasslands, Grasslands, Grasslands, Grasslands, Grasslands, Grasslands, Grasslands, Grasslands, Grasslands, Grasslands, Grasslands, Grasslands, Grasslands, Grasslands, Grasslands, Grasslands, Grasslands, Grasslands, Grasslands, Grasslands, Grasslands, Grasslands, Grasslands, Grasslands
Grasslands, Grasslands, Grasslands, Grasslands, Grasslands, Grasslands, Grasslands, Grasslands, Grasslands, Grasslands, Grasslands, Grasslands, Grasslands, Grasslands, Grasslands, Grasslands, Grasslands, Grasslands, Grasslands, Grasslands, Grasslands, Grasslands, Grasslands, Grasslands
Grasslands, Grasslands, Grasslands, Grasslands, Grasslands, Grasslands, Grasslands, Grasslands, Grasslands, Grasslands, Grasslands, Grasslands, Grasslands, Grasslands, Grasslands, Grasslands, Grasslands, Grasslands, Grasslands, Grasslands, Grasslands, Grasslands, Grasslands, Grasslands
Forests, Grasslands, Grasslands, Grasslands, Grasslands, Grasslands, Grasslands, Grasslands, Grasslands, Grasslands, Grasslands, Grasslands, Grasslands, Grasslands, Grasslands, Grasslands, Grasslands, Grasslands, Grasslands, Grasslands, Grasslands, Grasslands, Grasslands, Grasslands
Forests, Grasslands, Grasslands, Grasslands, Grasslands, Grasslands, Grasslands, Grasslands, Grasslands, Grasslands, Grasslands, Grasslands, Grasslands, Grasslands, Grasslands, Grasslands, Grasslands, Grasslands, Grasslands, Grasslands, Grasslands, Grasslands, Grasslands, Grasslands
Grasslands, Grasslands, Grasslands, Grasslands, Grasslands, Grasslands, Grasslands, Grasslands, Grasslands, Grasslands, Grasslands, Grasslands, Grasslands, Grasslands, Grasslands, Grasslands, Grasslands, Grasslands, Grasslands, Grasslands, Grasslands, Grasslands, Grasslands, Grasslands
Grasslands, Grasslands, Grasslands, Grasslands, Grasslands, Grasslands, Grasslands, Grasslands, Grasslands, Grasslands, Grasslands, Grasslands, Grasslands, Grasslands, Grasslands, Grasslands, Grasslands, Grasslands, Grasslands, Grasslands, Grasslands, Grasslands, Grasslands, Grasslands
Grasslands, Grasslands, Grasslands, Grasslands, Grasslands, Grasslands, Grasslands, Grasslands, Grasslands, Grasslands, Grasslands, Grasslands, Grasslands, Grasslands, Grasslands, Grasslands, Grasslands, Grasslands, Grasslands, Grasslands, Grasslands, Grasslands, Grasslands, Grasslands
Grasslands, Grasslands, Grasslands, Grasslands, Grasslands, Grasslands, Grasslands, Grasslands, Grasslands, Grasslands, Grasslands, Grasslands, Grasslands, Grasslands, Grasslands, Grasslands, Grasslands, Grasslands, Grasslands, Grasslands, Grasslands, Grasslands, Grasslands, Grasslands
Grasslands, Grasslands, Grasslands, Grasslands, Grasslands, Grasslands, Grasslands, Grasslands, Grasslands, Grasslands, Grasslands, Grasslands, Grasslands, Grasslands, Grasslands, Grasslands, Grasslands, Grasslands, Grasslands, Grasslands, Grasslands, Grasslands, Grasslands, Grasslands
Grasslands, Grasslands, Grasslands, Grasslands, Grasslands, Grasslands, Grasslands, Grasslands, Grasslands, Grasslands, Grasslands, Grasslands, Grasslands, Grasslands, Grasslands, Grasslands, Grasslands, Grasslands, Grasslands, Grasslands, Grasslands, Grasslands, Grasslands, Grasslands
Grasslands, Grasslands, Grasslands, Grasslands, Grasslands, Grasslands, Grasslands, Grasslands, Grasslands, Grasslands, Grasslands, Grasslands, Grasslands, Grasslands, Grasslands, Grasslands, Grasslands, Grasslands, Grasslands, Grasslands, Grasslands, Grasslands, Grasslands, Grasslands

Player Army Starting Locations (Not including mandatory units) //Locations you can place your army in as you see fit
Number of Starting Locations: 4
14, 7
9, 7
10, 9
10, 5

Units staring on the map: //Data on the units that begin play on the map
Number of Starting Units: 9

Unit Starting Locations
8, 5
7, 8
7, 7
7, 6
10, 10
9, 10
11, 10
10, 11
0, 0

Reinforcements: //Data on reinforcements
Number of Reinforcements: 0

Reinforcement Locations

Reinforcement Timings

Mandatory Player Units: //The units you have to use this mission, and where they'll start
Number of Mandatory Player Units: 2
Garen
Quinn

Mandatory Player Units Locations:
15, 7
10, 7

Game Over Units: //The units that you lose if they die
Number of Game Over Units: 2
Garen
Quinn
